Microchip MPLAB XC8 Compiler V1.38 ()

Linker command line:

-W-3 --edf=C:\Program Files (x86)\Microchip\xc8\v1.38\dat\en_msgs.txt -cs \
  -h+dist/default/debug\Software.debug.sym \
  --cmf=dist/default/debug\Software.debug.cmf -z -Q16F884 \
  -oC:\Users\MACFRE~1\AppData\Local\Temp\s9a8.2 \
  -Mdist/default/debug/Software.debug.map -E1 -ver=XC8 -ASTACK=0A0h-0efh \
  -pstack=STACK -ACODE=00h-07FFh,0800h-0EFFh -ASTRCODE=00h-0EFFh \
  -ASTRING=00h-0FFhx15 -ACONST=00h-0FFhx15 -AENTRY=00h-0FFhx15 \
  -ACOMMON=071h-07Fh -ABANK0=020h-06Fh -ABANK1=0A0h-0EFh \
  -ABANK2=0120h-0164h -ARAM=020h-06Fh,0A0h-0EFh,0120h-0164h \
  -AABS1=020h-07Fh,0A0h-0EFh,0120h-016Fh -ASFR0=00h-01Fh -ASFR1=080h-09Fh \
  -ASFR2=0100h-011Fh -ASFR3=0180h-01F0h \
  -preset_vec=00h,intentry=04h,init,end_init -ppowerup=CODE -pcinit=CODE \
  -pfunctab=CODE -ACONFIG=02007h-02008h -pconfig=CONFIG -DCONFIG=2 \
  -AIDLOC=02000h-02003h -pidloc=IDLOC -DIDLOC=2 -AEEDATA=00h-0FFh/02100h \
  -peeprom_data=EEDATA -DEEDATA=2 -DCODE=2 -DSTRCODE=2 -DSTRING=2 -DCONST=2 \
  -DENTRY=2 -k C:\Users\MACFRE~1\AppData\Local\Temp\s9a8.obj \
  dist/default/debug\Software.debug.obj 

Object code version is 3.11

Machine type is 16F884



                Name                               Link     Load   Length Selector   Space Scale
C:\Users\MACFRE~1\AppData\Local\Temp\s9a8.obj
                end_init                             11       11        2        8       0
                reset_vec                             0        0        3        0       0
                config                             2007     2007        2     400E       0
dist/default/debug\Software.debug.obj
                cinit                                13       13       1E        8       0
                intentry                              4        4        D        8       0
                text2                               4EF      4EF      148        8       0
                text1                                31       31      295        8       0
                maintext                            2C6      2C6      229        8       0
                cstackBANK0                          20       20       33       20       1
                cstackCOMMON                         71       71        8       71       1
                clrtext                             637      637        8        8       0
                dataBANK0                            69       69        4       20       1
                bssBANK0                             53       53       16       20       1
                bssCOMMON                            79       79        5       71       1
                nvBANK0                              6D       6D        2       20       1
                idataBANK0                          63F      63F        4        8       0

TOTAL           Name                               Link     Load   Length     Space
        CLASS   STACK          

        CLASS   CODE           
                end_init                             11       11        2         0
                cinit                                13       13       1E         0
                intentry                              4        4        D         0
                reset_vec                             0        0        3         0
                text2                               4EF      4EF      148         0
                text1                                31       31      295         0
                maintext                            2C6      2C6      229         0
                clrtext                             637      637        8         0
                idataBANK0                          63F      63F        4         0

        CLASS   STRCODE        

        CLASS   STRING         

        CLASS   CONST          

        CLASS   ENTRY          

        CLASS   COMMON         
                cstackCOMMON                         71       71        8         1
                bssCOMMON                            79       79        5         1

        CLASS   BANK0          
                cstackBANK0                          20       20       33         1
                dataBANK0                            69       69        4         1
                bssBANK0                             53       53       16         1
                nvBANK0                              6D       6D        2         1

        CLASS   BANK1          

        CLASS   BANK2          

        CLASS   RAM            

        CLASS   ABS1           
                abs_s1                               7E       7E        2         1

        CLASS   SFR0           

        CLASS   SFR1           

        CLASS   SFR2           

        CLASS   SFR3           

        CLASS   CONFIG         
                config                             2007     2007        2         0

        CLASS   IDLOC          

        CLASS   EEDATA         

        CLASS   BANK3          



SEGMENTS        Name                           Load    Length   Top    Selector   Space  Class     Delta

                reset_vec                      000000  000003  000003         0       0  CODE        2
                intentry                       000004  00063F  000643         8       0  CODE        2
                cstackBANK0                    000020  00004F  00006F        20       1  BANK0       1
                cstackCOMMON                   000071  00000D  00007E        71       1  COMMON      1
                config                         002007  000002  002009      400E       0  CONFIG      2


UNUSED ADDRESS RANGES

        Name                Unused          Largest block    Delta
        BANK0            006F-006F              1           1
        BANK1            00A0-00EF             50           1
        BANK2            0120-0164             45           1
        CODE             0003-0003              1           2
                         0643-0EFF            1BD
        CONST            0003-0003              1           2
                         0643-0EFF            100
        EEDATA           2100-21FF            100           2
        ENTRY            0003-0003              1           2
                         0643-0EFF            100
        IDLOC            2000-2003              4           2
        RAM              006F-006F              1           1
                         00A0-00EF             50
                         0120-0164             45
        SFR0             0000-001F             20           1
        SFR1             0080-009F             20           1
        SFR2             0100-011F             20           1
        SFR3             0180-01F0             71           1
        STACK            00A0-00EF             50           1
        STRCODE          0003-0003              1           2
                         0643-0EFF            8BD
        STRING           0003-0003              1           2
                         0643-0EFF            100

                                  Symbol Table

_ADCON0                        (abs)        001F
_ADCON1                        (abs)        009F
_ADRESH                        (abs)        001E
_ADRESL                        (abs)        009E
_ANSEL                         (abs)        0188
_ANSELH                        (abs)        0189
_INTCON                        (abs)        000B
_LATA                          bssBANK0     0053
_LATB                          bssBANK0     0054
_LATC                          bssBANK0     0055
_LATD                          bssBANK0     0056
_OPTION_REG                    (abs)        0081
_OSCCON                        (abs)        008F
_PIE1                          (abs)        008C
_PIR1                          (abs)        000C
_PORTA                         (abs)        0005
_PORTB                         (abs)        0006
_PORTC                         (abs)        0007
_PORTD                         (abs)        0008
_PORTE                         (abs)        0009
_TRISA                         (abs)        0085
_TRISB                         (abs)        0086
_TRISC                         (abs)        0087
_TRISD                         (abs)        0088
_TRISE                         (abs)        0089
_WDTCON                        (abs)        0105
__CFG_BOR4V$BOR40V             (abs)        0000
__CFG_BOREN$ON                 (abs)        0000
__CFG_CP$OFF                   (abs)        0000
__CFG_CPD$OFF                  (abs)        0000
__CFG_FCMEN$ON                 (abs)        0000
__CFG_FOSC$INTRC_NOCLKOUT      (abs)        0000
__CFG_IESO$ON                  (abs)        0000
__CFG_LVP$OFF                  (abs)        0000
__CFG_MCLRE$OFF                (abs)        0000
__CFG_PWRTE$ON                 (abs)        0000
__CFG_WDTE$OFF                 (abs)        0000
__CFG_WRT$OFF                  (abs)        0000
__Habs1                        abs1         0000
__Hbank0                       bank0        0000
__Hbank1                       bank1        0000
__Hbank2                       bank2        0000
__Hbank3                       bank3        0000
__HbssBANK0                    bssBANK0     0000
__HbssCOMMON                   bssCOMMON    0000
__Hcinit                       cinit        0031
__Hclrtext                     clrtext      0000
__Hcode                        code         0000
__Hcommon                      common       0000
__Hconfig                      config       2009
__HcstackBANK0                 cstackBANK0  0000
__HcstackCOMMON                cstackCOMMON 0000
__HdataBANK0                   dataBANK0    0000
__Heeprom_data                 eeprom_data  0000
__Hend_init                    end_init     0013
__Hfunctab                     functab      0000
__HidataBANK0                  idataBANK0   0000
__Hidloc                       idloc        0000
__Hinit                        init         0011
__Hintentry                    intentry     0011
__Hmaintext                    maintext     0000
__HnvBANK0                     nvBANK0      0000
__Hpowerup                     powerup      0000
__Hram                         ram          0000
__Hreset_vec                   reset_vec    0003
__Hsfr0                        sfr0         0000
__Hsfr1                        sfr1         0000
__Hsfr2                        sfr2         0000
__Hsfr3                        sfr3         0000
__Hspace_0                     (abs)        2009
__Hspace_1                     (abs)        007E
__Hspace_2                     (abs)        0000
__Hspace_3                     (abs)        0000
__Hstack                       stack        0000
__Hstrings                     strings      0000
__Htext                        text         0000
__Labs1                        abs1         0000
__Lbank0                       bank0        0000
__Lbank1                       bank1        0000
__Lbank2                       bank2        0000
__Lbank3                       bank3        0000
__LbssBANK0                    bssBANK0     0000
__LbssCOMMON                   bssCOMMON    0000
__Lcinit                       cinit        0013
__Lclrtext                     clrtext      0000
__Lcode                        code         0000
__Lcommon                      common       0000
__Lconfig                      config       2007
__LcstackBANK0                 cstackBANK0  0000
__LcstackCOMMON                cstackCOMMON 0000
__LdataBANK0                   dataBANK0    0000
__Leeprom_data                 eeprom_data  0000
__Lend_init                    end_init     0011
__Lfunctab                     functab      0000
__LidataBANK0                  idataBANK0   0000
__Lidloc                       idloc        0000
__Linit                        init         0011
__Lintentry                    intentry     0004
__Lmaintext                    maintext     0000
__LnvBANK0                     nvBANK0      0000
__Lpowerup                     powerup      0000
__Lram                         ram          0000
__Lreset_vec                   reset_vec    0000
__Lsfr0                        sfr0         0000
__Lsfr1                        sfr1         0000
__Lsfr2                        sfr2         0000
__Lsfr3                        sfr3         0000
__Lspace_0                     (abs)        0000
__Lspace_1                     (abs)        0000
__Lspace_2                     (abs)        0000
__Lspace_3                     (abs)        0000
__Lstack                       stack        0000
__Lstrings                     strings      0000
__Ltext                        text         0000
__S0                           (abs)        2009
__S1                           (abs)        007E
__S2                           (abs)        0000
__S3                           (abs)        0000
___int_sp                      stack        0000
___latbits                     (abs)        0001
___sp                          stack        0000
__end_of__initialization       cinit        002E
__end_of_hardwareInterruptISR  text2        0637
__end_of_main                  maintext     04EF
__end_of_softwareISR           text1        02C6
__initialization               cinit        0013
__pbssBANK0                    bssBANK0     0053
__pbssCOMMON                   bssCOMMON    0079
__pcstackBANK0                 cstackBANK0  0020
__pcstackCOMMON                cstackCOMMON 0071
__pdataBANK0                   dataBANK0    0069
__pidataBANK0                  idataBANK0   063F
__pintentry                    intentry     0004
__pmaintext                    maintext     02C6
__pnvBANK0                     nvBANK0      006D
__ptext1                       text1        0031
__ptext2                       text2        04EF
__size_of_hardwareInterruptISR (abs)        0000
__size_of_main                 (abs)        0000
__size_of_softwareISR          (abs)        0000
_activeADChannel               bssCOMMON    007D
_buttonInterrupt               bssBANK0     0057
_buttonTracker                 nvBANK0      006D
_coderControl                  dataBANK0    0069
_coderCounter                  dataBANK0    006A
_currentConditions             bssBANK0     0058
_generalAlarmCause             bssBANK0     0059
_generalInterrupt              bssBANK0     005A
_generalTroubleCause           bssBANK0     005B
_generalTroubleInterrupt       bssBANK0     005C
_generalTroubleTracker         nvBANK0      006E
_hardwareInterruptISR          text2        04EF
_ledControl                    bssBANK0     005D
_main                          maintext     02C6
_nacControl                    dataBANK0    006B
_nacTroubleCause               bssBANK0     005E
_nacTroubleInterrupt           bssBANK0     005F
_nacTroubleTracker             bssBANK0     0060
_nacTypeControl                dataBANK0    006C
_preAlarmCause                 bssBANK0     0061
_preAlarmControl               bssBANK0     0062
_resetCounter                  bssBANK0     0063
_slcAlarmInterrupt             bssBANK0     0064
_slcAlarmTracker               bssCOMMON    0079
_slcTroubleCause               bssBANK0     0066
_slcTroubleInterrupt           bssBANK0     0067
_slcTroubleTracker             bssCOMMON    007B
_softwareISR                   text1        0031
_utilityCounter                bssBANK0     0068
btemp                          (abs)        007E
clear_ram0                     clrtext      0637
end_of_initialization          cinit        002E
interrupt_function             intentry     0004
intlevel0                      functab      0000
intlevel1                      functab      0000
intlevel2                      functab      0000
intlevel3                      functab      0000
intlevel4                      functab      0000
intlevel5                      functab      0000
ltemp                          (abs)        007E
ltemp0                         (abs)        007E
ltemp1                         (abs)        0082
ltemp2                         (abs)        0086
ltemp3                         (abs)        0080
reset_vec                      reset_vec    0000
saved_w                        (abs)        007E
stackhi                        (abs)        0000
stacklo                        (abs)        0000
start                          init         0011
start_initialization           cinit        0013
ttemp                          (abs)        007E
ttemp0                         (abs)        007E
ttemp1                         (abs)        0081
ttemp2                         (abs)        0084
ttemp3                         (abs)        0087
ttemp4                         (abs)        007F
wtemp                          (abs)        007E
wtemp0                         (abs)        007E
wtemp1                         (abs)        0080
wtemp2                         (abs)        0082
wtemp3                         (abs)        0084
wtemp4                         (abs)        0086
wtemp5                         (abs)        0088
wtemp6                         (abs)        007F


FUNCTION INFORMATION:

 *************** function _main *****************
 Defined at:
		line 361 in file "Main.c"
 Parameters:    Size  Location     Type
		None
 Auto vars:     Size  Location     Type
		None
 Return value:  Size  Location     Type
                  1    wreg      void 
 Registers used:
		wreg, status,2, status,0, btemp+1, pclath, cstack
 Tracked objects:
		On entry : 
		On exit  : 
		Unchanged: 
 Data sizes:     COMMON   BANK0   BANK1   BANK2
      Params:         0       0       0       0
      Locals:         0       0       0       0
      Temps:          0      26       0       0
      Totals:         0      26       0       0
Total ram usage:       26 bytes
 Hardware stack levels required when called:    2
 This function calls:
		_softwareISR
 This function is called by:
		Startup code after reset
 This function uses a non-reentrant model


 *************** function _softwareISR *****************
 Defined at:
		line 168 in file "Main.c"
 Parameters:    Size  Location     Type
		None
 Auto vars:     Size  Location     Type
		None
 Return value:  Size  Location     Type
                  1    wreg      void 
 Registers used:
		wreg, status,2, status,0, btemp+1
 Tracked objects:
		On entry : 
		On exit  : 
		Unchanged: 
 Data sizes:     COMMON   BANK0   BANK1   BANK2
      Params:         0       0       0       0
      Locals:         0       0       0       0
      Temps:          0      25       0       0
      Totals:         0      25       0       0
Total ram usage:       25 bytes
 Hardware stack levels used:    1
 Hardware stack levels required when called:    1
 This function calls:
		Nothing
 This function is called by:
		_main
 This function uses a non-reentrant model


 *************** function _hardwareInterruptISR *****************
 Defined at:
		line 83 in file "Main.c"
 Parameters:    Size  Location     Type
		None
 Auto vars:     Size  Location     Type
		None
 Return value:  Size  Location     Type
                  1    wreg      void 
 Registers used:
		wreg, status,2, status,0
 Tracked objects:
		On entry : 
		On exit  : 
		Unchanged: 
 Data sizes:     COMMON   BANK0   BANK1   BANK2
      Params:         0       0       0       0
      Locals:         0       0       0       0
      Temps:          8       0       0       0
      Totals:         8       0       0       0
Total ram usage:        8 bytes
 Hardware stack levels used:    1
 This function calls:
		Nothing
 This function is called by:
		Interrupt level 1
 This function uses a non-reentrant model



MODULE INFORMATION

Module		Function		Class		Link	Load	Size
Main.c
		_main          		CODE           	02C6	0000	554
		_softwareISR   		CODE           	0031	0000	662
		_hardwareInterruptISR		CODE           	04EF	0000	329

Main.c estimated size: 1545

shared
		__initialization		CODE           	0013	0000	28

shared estimated size: 28

